memory = {
    0x00: "00000000000000000000000000000101",
    0x04: "00000000000000000000000000000111",
    0x08: "00000000000000000000000000001100",
    0x0C: "00000000000000000000000000000000",
    0x10: "00000000000000000000000000000000",
    0x14: "00000000000000000000000000000000",
    0x18: "00000000000000000000000000000000",
    0x1C: "00000000000000000000000000000000",
}